exports[`test FormButton 1`] = `
<View
  style={
    Object {
      "marginLeft": 10,
      "marginRight": 10,
    }
  }>
  <Button
    isDisabled={false}
    onPress={[Function]}
    style={
      Object {
        "backgroundColor": "#FF3366",
        "borderColor": "#FF3366",
      }
    }
    textStyle={
      Object {
        "fontSize": 18,
      }
    }>
    TestString
  </Button>
</View>
`;
